server/storage.ts(193,8): error TS2307: Cannot find module '@shared/schema' or its corresponding type declarations.
server/storage.ts(6279,61): error TS2339: Property 'array' does not exist on type 'typeof sql'.
server/storage.ts(6289,61): error TS2339: Property 'array' does not exist on type 'typeof sql'.
server/storage.ts(6304,67): error TS2339: Property 'literal' does not exist on type 'typeof sql'.
server/storage.ts(6364,61): error TS2339: Property 'array' does not exist on type 'typeof sql'.
